prisma/seed.ts(360,13): error TS2353: Object literal may only specify known properties, and 'proposedState' does not exist in type 'Without<ECOCreateInput, ECOUncheckedCreateInput> & ECOUncheckedCreateInput'.
prisma/seed.ts(381,13): error TS2353: Object literal may only specify known properties, and 'proposedState' does not exist in type 'Without<ECOCreateInput, ECOUncheckedCreateInput> & ECOUncheckedCreateInput'.
src/routes/ecoRoutes.ts(14,5): error TS2305: Module '"../controllers/ecoController.js"' has no exported member 'advanceStage'.
